9/29- error: Class name. 'uhjava', are only accepted if annotation processing is explicitly requested
10/3- error: .\BigSib.java:4: error: reached end of file while parsing
error: class found on application class path: Greet